<?xml version="1.0" encoding="utf-8"?>
<TestRun id="3ac4ad43-689d-40d8-9f7c-33002dd7ea65" name="brunocapuano@CPC-bruno-U7R9O 2026-04-23 07:27:34" runUser="NORTHAMERICA\brunocapuano" xmlns="http://microsoft.com/schemas/VisualStudio/TeamTest/2010">
  <Times creation="2026-04-23T07:27:34.4797417-04:00" queuing="2026-04-23T07:27:34.4797421-04:00" start="2026-04-23T07:27:30.4924488-04:00" finish="2026-04-23T07:28:11.7629084-04:00" />
  <TestSettings name="default" id="8dffec43-75f5-414b-8056-eb22b840bca3">
    <Deployment runDeploymentRoot="brunocapuano_CPC-bruno-U7R9O_2026-04-23_07_27_34" />
  </TestSettings>
  <Results>
    <UnitTestResult executionId="b2406c5d-6aff-4551-b930-0676266b5f99" testId="87846d23-405a-3372-0807-babee989a98a" testName="OpenClawNet.UnitTests.Integration.LiveLlmTests.Ollama_StreamAsync_YieldsTokens" computerName="CPC-bruno-U7R9O" duration="00:00:02.9262360" startTime="2026-04-23T07:28:01.7948156-04:00" endTime="2026-04-23T07:28:04.7212282-04:00" testType="13cdc9d9-ddb5-4fa4-a97d-d965ccfc6d4b" outcome="Passed" testListId="8c84fa94-04c1-424b-9868-57a2d4851a1d" relativeResultsDirectory="b2406c5d-6aff-4551-b930-0676266b5f99" />
    <UnitTestResult executionId="92e69ef9-f0b3-4764-b332-999589482b24" testId="455c434b-954c-cf2c-db2a-703d0a72e4e3" testName="OpenClawNet.UnitTests.Models.OllamaStreamingToolCallLiveTests.StreamAsync_WithTools_YieldsToolCallChunk" computerName="CPC-bruno-U7R9O" duration="00:00:24.0540476" startTime="2026-04-23T07:27:31.3408433-04:00" endTime="2026-04-23T07:27:55.4004918-04:00" testType="13cdc9d9-ddb5-4fa4-a97d-d965ccfc6d4b" outcome="Passed" testListId="8c84fa94-04c1-424b-9868-57a2d4851a1d" relativeResultsDirectory="92e69ef9-f0b3-4764-b332-999589482b24" />
    <UnitTestResult executionId="9f044f4a-345c-4658-96d2-0ecf8c2fa7ab" testId="76dc2353-aa44-2f5c-744b-e481416bc2ab" testName="OpenClawNet.UnitTests.Models.AzureOpenAILiveTests.IsAvailableAsync_ReturnsTrueWhenConfigured" computerName="CPC-bruno-U7R9O" duration="00:00:01.9298495" startTime="2026-04-23T07:27:40.9994838-04:00" endTime="2026-04-23T07:27:42.9293319-04:00" testType="13cdc9d9-ddb5-4fa4-a97d-d965ccfc6d4b" outcome="Passed" testListId="8c84fa94-04c1-424b-9868-57a2d4851a1d" relativeResultsDirectory="9f044f4a-345c-4658-96d2-0ecf8c2fa7ab" />
    <UnitTestResult executionId="453d4067-e858-4d38-a142-dd96cfab0b5e" testId="1552e680-2a54-f2da-8bde-a7cb3084b1da" testName="OpenClawNet.UnitTests.Models.AzureOpenAILiveTests.CompleteAsync_ReturnsNonEmptyResponse" computerName="CPC-bruno-U7R9O" duration="00:00:03.6868940" startTime="2026-04-23T07:27:37.3135566-04:00" endTime="2026-04-23T07:27:40.9988465-04:00" testType="13cdc9d9-ddb5-4fa4-a97d-d965ccfc6d4b" outcome="Passed" testListId="8c84fa94-04c1-424b-9868-57a2d4851a1d" relativeResultsDirectory="453d4067-e858-4d38-a142-dd96cfab0b5e" />
    <UnitTestResult executionId="07dab6f7-27cd-441f-8940-553d4de74280" testId="7dcfb46b-649a-3275-190d-a4d21774729e" testName="OpenClawNet.UnitTests.Integration.LiveLlmTests.AzureOpenAI_Pipeline_SendMessage_ReturnsStreamedContent" computerName="CPC-bruno-U7R9O" duration="00:00:02.8268007" startTime="2026-04-23T07:28:04.7219996-04:00" endTime="2026-04-23T07:28:07.5487288-04:00" testType="13cdc9d9-ddb5-4fa4-a97d-d965ccfc6d4b" outcome="Passed" testListId="8c84fa94-04c1-424b-9868-57a2d4851a1d" relativeResultsDirectory="07dab6f7-27cd-441f-8940-553d4de74280" />
    <UnitTestResult executionId="03df4782-4ac3-4286-af76-57346b16748e" testId="7e2c74b4-0192-3692-cca9-e91ebd6595d5" testName="OpenClawNet.UnitTests.Models.AzureOpenAILiveTests.StreamAsync_WithTools_YieldsToolCallChunk" computerName="CPC-bruno-U7R9O" duration="00:00:03.0985416" startTime="2026-04-23T07:27:31.3408906-04:00" endTime="2026-04-23T07:27:34.4466278-04:00" testType="13cdc9d9-ddb5-4fa4-a97d-d965ccfc6d4b" outcome="Passed" testListId="8c84fa94-04c1-424b-9868-57a2d4851a1d" relativeResultsDirectory="03df4782-4ac3-4286-af76-57346b16748e" />
    <UnitTestResult executionId="37bc76b2-3781-4e0c-9d23-bc89ccd1d1f9" testId="2eb77de5-46b3-11b6-343b-8ab1df70edd2" testName="OpenClawNet.UnitTests.Integration.LiveLlmTests.Ollama_Pipeline_SendMessage_ReturnsStreamedContent" computerName="CPC-bruno-U7R9O" duration="00:00:08.3304288" startTime="2026-04-23T07:27:51.4177362-04:00" endTime="2026-04-23T07:27:59.7474155-04:00" testType="13cdc9d9-ddb5-4fa4-a97d-d965ccfc6d4b" outcome="Passed" testListId="8c84fa94-04c1-424b-9868-57a2d4851a1d" relativeResultsDirectory="37bc76b2-3781-4e0c-9d23-bc89ccd1d1f9" />
    <UnitTestResult executionId="f6bc9da5-e7ca-4b93-a974-301dd4729a1b" testId="f1c17355-0402-9cd0-cfce-ee3a0ab3f558" testName="OpenClawNet.UnitTests.Integration.LiveLlmTests.Ollama_CompleteAsync_ReturnsResponse" computerName="CPC-bruno-U7R9O" duration="00:00:20.0728354" startTime="2026-04-23T07:27:31.3391259-04:00" endTime="2026-04-23T07:27:51.4169926-04:00" testType="13cdc9d9-ddb5-4fa4-a97d-d965ccfc6d4b" outcome="Passed" testListId="8c84fa94-04c1-424b-9868-57a2d4851a1d" relativeResultsDirectory="f6bc9da5-e7ca-4b93-a974-301dd4729a1b" />
    <UnitTestResult executionId="fc4118b6-a054-4327-8ecc-1375fbe33a85" testId="1f26c548-c25c-b1ae-a87b-5ddc53b757e9" testName="OpenClawNet.UnitTests.Models.AzureOpenAILiveTests.StreamAsync_YieldsChunksAndCompletesSuccessfully" computerName="CPC-bruno-U7R9O" duration="00:00:02.8615103" startTime="2026-04-23T07:27:34.4650881-04:00" endTime="2026-04-23T07:27:37.3113456-04:00" testType="13cdc9d9-ddb5-4fa4-a97d-d965ccfc6d4b" outcome="Passed" testListId="8c84fa94-04c1-424b-9868-57a2d4851a1d" relativeResultsDirectory="fc4118b6-a054-4327-8ecc-1375fbe33a85" />
    <UnitTestResult executionId="8506446a-6927-490b-bfc2-d93dc252b918" testId="179d2c08-2086-a946-9964-c5d985daf0a8" testName="OpenClawNet.UnitTests.Integration.LiveLlmTests.AzureOpenAI_CompleteAsync_ReturnsResponse" computerName="CPC-bruno-U7R9O" duration="00:00:04.1294085" startTime="2026-04-23T07:28:07.5501461-04:00" endTime="2026-04-23T07:28:11.6786968-04:00" testType="13cdc9d9-ddb5-4fa4-a97d-d965ccfc6d4b" outcome="Passed" testListId="8c84fa94-04c1-424b-9868-57a2d4851a1d" relativeResultsDirectory="8506446a-6927-490b-bfc2-d93dc252b918" />
    <UnitTestResult executionId="67789e93-cee1-4fd5-9fa1-8c14705d1fd7" testId="3d9f655e-9373-0b97-470d-4d4603fd0069" testName="OpenClawNet.UnitTests.Integration.LiveLlmTests.AzureOpenAI_StreamAsync_YieldsTokens" computerName="CPC-bruno-U7R9O" duration="00:00:02.0460640" startTime="2026-04-23T07:27:59.7489722-04:00" endTime="2026-04-23T07:28:01.7942659-04:00" testType="13cdc9d9-ddb5-4fa4-a97d-d965ccfc6d4b" outcome="Passed" testListId="8c84fa94-04c1-424b-9868-57a2d4851a1d" relativeResultsDirectory="67789e93-cee1-4fd5-9fa1-8c14705d1fd7" />
  </Results>
  <TestDefinitions>
    <UnitTest name="OpenClawNet.UnitTests.Integration.LiveLlmTests.Ollama_StreamAsync_YieldsTokens" storage="c:\src\openclawnet-plan\tests\openclawnet.unittests\bin\debug\net10.0\openclawnet.unittests.dll" id="87846d23-405a-3372-0807-babee989a98a">
      <Execution id="b2406c5d-6aff-4551-b930-0676266b5f99" />
      <TestMethod codeBase="C:\src\openclawnet-plan\tests\OpenClawNet.UnitTests\bin\Debug\net10.0\OpenClawNet.UnitTests.dll" adapterTypeName="executor://xunit/VsTestRunner3/netcore/" className="OpenClawNet.UnitTests.Integration.LiveLlmTests" name="Ollama_StreamAsync_YieldsTokens" />
    </UnitTest>
    <UnitTest name="OpenClawNet.UnitTests.Integration.LiveLlmTests.AzureOpenAI_Pipeline_SendMessage_ReturnsStreamedContent" storage="c:\src\openclawnet-plan\tests\openclawnet.unittests\bin\debug\net10.0\openclawnet.unittests.dll" id="7dcfb46b-649a-3275-190d-a4d21774729e">
      <Execution id="07dab6f7-27cd-441f-8940-553d4de74280" />
      <TestMethod codeBase="C:\src\openclawnet-plan\tests\OpenClawNet.UnitTests\bin\Debug\net10.0\OpenClawNet.UnitTests.dll" adapterTypeName="executor://xunit/VsTestRunner3/netcore/" className="OpenClawNet.UnitTests.Integration.LiveLlmTests" name="AzureOpenAI_Pipeline_SendMessage_ReturnsStreamedContent" />
    </UnitTest>
    <UnitTest name="OpenClawNet.UnitTests.Integration.LiveLlmTests.AzureOpenAI_CompleteAsync_ReturnsResponse" storage="c:\src\openclawnet-plan\tests\openclawnet.unittests\bin\debug\net10.0\openclawnet.unittests.dll" id="179d2c08-2086-a946-9964-c5d985daf0a8">
      <Execution id="8506446a-6927-490b-bfc2-d93dc252b918" />
      <TestMethod codeBase="C:\src\openclawnet-plan\tests\OpenClawNet.UnitTests\bin\Debug\net10.0\OpenClawNet.UnitTests.dll" adapterTypeName="executor://xunit/VsTestRunner3/netcore/" className="OpenClawNet.UnitTests.Integration.LiveLlmTests" name="AzureOpenAI_CompleteAsync_ReturnsResponse" />
    </UnitTest>
    <UnitTest name="OpenClawNet.UnitTests.Models.OllamaStreamingToolCallLiveTests.StreamAsync_WithTools_YieldsToolCallChunk" storage="c:\src\openclawnet-plan\tests\openclawnet.unittests\bin\debug\net10.0\openclawnet.unittests.dll" id="455c434b-954c-cf2c-db2a-703d0a72e4e3">
      <Execution id="92e69ef9-f0b3-4764-b332-999589482b24" />
      <TestMethod codeBase="C:\src\openclawnet-plan\tests\OpenClawNet.UnitTests\bin\Debug\net10.0\OpenClawNet.UnitTests.dll" adapterTypeName="executor://xunit/VsTestRunner3/netcore/" className="OpenClawNet.UnitTests.Models.OllamaStreamingToolCallLiveTests" name="StreamAsync_WithTools_YieldsToolCallChunk" />
    </UnitTest>
    <UnitTest name="OpenClawNet.UnitTests.Models.AzureOpenAILiveTests.StreamAsync_YieldsChunksAndCompletesSuccessfully" storage="c:\src\openclawnet-plan\tests\openclawnet.unittests\bin\debug\net10.0\openclawnet.unittests.dll" id="1f26c548-c25c-b1ae-a87b-5ddc53b757e9">
      <Execution id="fc4118b6-a054-4327-8ecc-1375fbe33a85" />
      <TestMethod codeBase="C:\src\openclawnet-plan\tests\OpenClawNet.UnitTests\bin\Debug\net10.0\OpenClawNet.UnitTests.dll" adapterTypeName="executor://xunit/VsTestRunner3/netcore/" className="OpenClawNet.UnitTests.Models.AzureOpenAILiveTests" name="StreamAsync_YieldsChunksAndCompletesSuccessfully" />
    </UnitTest>
    <UnitTest name="OpenClawNet.UnitTests.Integration.LiveLlmTests.Ollama_CompleteAsync_ReturnsResponse" storage="c:\src\openclawnet-plan\tests\openclawnet.unittests\bin\debug\net10.0\openclawnet.unittests.dll" id="f1c17355-0402-9cd0-cfce-ee3a0ab3f558">
      <Execution id="f6bc9da5-e7ca-4b93-a974-301dd4729a1b" />
      <TestMethod codeBase="C:\src\openclawnet-plan\tests\OpenClawNet.UnitTests\bin\Debug\net10.0\OpenClawNet.UnitTests.dll" adapterTypeName="executor://xunit/VsTestRunner3/netcore/" className="OpenClawNet.UnitTests.Integration.LiveLlmTests" name="Ollama_CompleteAsync_ReturnsResponse" />
    </UnitTest>
    <UnitTest name="OpenClawNet.UnitTests.Models.AzureOpenAILiveTests.IsAvailableAsync_ReturnsTrueWhenConfigured" storage="c:\src\openclawnet-plan\tests\openclawnet.unittests\bin\debug\net10.0\openclawnet.unittests.dll" id="76dc2353-aa44-2f5c-744b-e481416bc2ab">
      <Execution id="9f044f4a-345c-4658-96d2-0ecf8c2fa7ab" />
      <TestMethod codeBase="C:\src\openclawnet-plan\tests\OpenClawNet.UnitTests\bin\Debug\net10.0\OpenClawNet.UnitTests.dll" adapterTypeName="executor://xunit/VsTestRunner3/netcore/" className="OpenClawNet.UnitTests.Models.AzureOpenAILiveTests" name="IsAvailableAsync_ReturnsTrueWhenConfigured" />
    </UnitTest>
    <UnitTest name="OpenClawNet.UnitTests.Integration.LiveLlmTests.Ollama_Pipeline_SendMessage_ReturnsStreamedContent" storage="c:\src\openclawnet-plan\tests\openclawnet.unittests\bin\debug\net10.0\openclawnet.unittests.dll" id="2eb77de5-46b3-11b6-343b-8ab1df70edd2">
      <Execution id="37bc76b2-3781-4e0c-9d23-bc89ccd1d1f9" />
      <TestMethod codeBase="C:\src\openclawnet-plan\tests\OpenClawNet.UnitTests\bin\Debug\net10.0\OpenClawNet.UnitTests.dll" adapterTypeName="executor://xunit/VsTestRunner3/netcore/" className="OpenClawNet.UnitTests.Integration.LiveLlmTests" name="Ollama_Pipeline_SendMessage_ReturnsStreamedContent" />
    </UnitTest>
    <UnitTest name="OpenClawNet.UnitTests.Models.AzureOpenAILiveTests.CompleteAsync_ReturnsNonEmptyResponse" storage="c:\src\openclawnet-plan\tests\openclawnet.unittests\bin\debug\net10.0\openclawnet.unittests.dll" id="1552e680-2a54-f2da-8bde-a7cb3084b1da">
      <Execution id="453d4067-e858-4d38-a142-dd96cfab0b5e" />
      <TestMethod codeBase="C:\src\openclawnet-plan\tests\OpenClawNet.UnitTests\bin\Debug\net10.0\OpenClawNet.UnitTests.dll" adapterTypeName="executor://xunit/VsTestRunner3/netcore/" className="OpenClawNet.UnitTests.Models.AzureOpenAILiveTests" name="CompleteAsync_ReturnsNonEmptyResponse" />
    </UnitTest>
    <UnitTest name="OpenClawNet.UnitTests.Integration.LiveLlmTests.AzureOpenAI_StreamAsync_YieldsTokens" storage="c:\src\openclawnet-plan\tests\openclawnet.unittests\bin\debug\net10.0\openclawnet.unittests.dll" id="3d9f655e-9373-0b97-470d-4d4603fd0069">
      <Execution id="67789e93-cee1-4fd5-9fa1-8c14705d1fd7" />
      <TestMethod codeBase="C:\src\openclawnet-plan\tests\OpenClawNet.UnitTests\bin\Debug\net10.0\OpenClawNet.UnitTests.dll" adapterTypeName="executor://xunit/VsTestRunner3/netcore/" className="OpenClawNet.UnitTests.Integration.LiveLlmTests" name="AzureOpenAI_StreamAsync_YieldsTokens" />
    </UnitTest>
    <UnitTest name="OpenClawNet.UnitTests.Models.AzureOpenAILiveTests.StreamAsync_WithTools_YieldsToolCallChunk" storage="c:\src\openclawnet-plan\tests\openclawnet.unittests\bin\debug\net10.0\openclawnet.unittests.dll" id="7e2c74b4-0192-3692-cca9-e91ebd6595d5">
      <Execution id="03df4782-4ac3-4286-af76-57346b16748e" />
      <TestMethod codeBase="C:\src\openclawnet-plan\tests\OpenClawNet.UnitTests\bin\Debug\net10.0\OpenClawNet.UnitTests.dll" adapterTypeName="executor://xunit/VsTestRunner3/netcore/" className="OpenClawNet.UnitTests.Models.AzureOpenAILiveTests" name="StreamAsync_WithTools_YieldsToolCallChunk" />
    </UnitTest>
  </TestDefinitions>
  <TestEntries>
    <TestEntry testId="87846d23-405a-3372-0807-babee989a98a" executionId="b2406c5d-6aff-4551-b930-0676266b5f99" testListId="8c84fa94-04c1-424b-9868-57a2d4851a1d" />
    <TestEntry testId="455c434b-954c-cf2c-db2a-703d0a72e4e3" executionId="92e69ef9-f0b3-4764-b332-999589482b24" testListId="8c84fa94-04c1-424b-9868-57a2d4851a1d" />
    <TestEntry testId="76dc2353-aa44-2f5c-744b-e481416bc2ab" executionId="9f044f4a-345c-4658-96d2-0ecf8c2fa7ab" testListId="8c84fa94-04c1-424b-9868-57a2d4851a1d" />
    <TestEntry testId="1552e680-2a54-f2da-8bde-a7cb3084b1da" executionId="453d4067-e858-4d38-a142-dd96cfab0b5e" testListId="8c84fa94-04c1-424b-9868-57a2d4851a1d" />
    <TestEntry testId="7dcfb46b-649a-3275-190d-a4d21774729e" executionId="07dab6f7-27cd-441f-8940-553d4de74280" testListId="8c84fa94-04c1-424b-9868-57a2d4851a1d" />
    <TestEntry testId="7e2c74b4-0192-3692-cca9-e91ebd6595d5" executionId="03df4782-4ac3-4286-af76-57346b16748e" testListId="8c84fa94-04c1-424b-9868-57a2d4851a1d" />
    <TestEntry testId="2eb77de5-46b3-11b6-343b-8ab1df70edd2" executionId="37bc76b2-3781-4e0c-9d23-bc89ccd1d1f9" testListId="8c84fa94-04c1-424b-9868-57a2d4851a1d" />
    <TestEntry testId="f1c17355-0402-9cd0-cfce-ee3a0ab3f558" executionId="f6bc9da5-e7ca-4b93-a974-301dd4729a1b" testListId="8c84fa94-04c1-424b-9868-57a2d4851a1d" />
    <TestEntry testId="1f26c548-c25c-b1ae-a87b-5ddc53b757e9" executionId="fc4118b6-a054-4327-8ecc-1375fbe33a85" testListId="8c84fa94-04c1-424b-9868-57a2d4851a1d" />
    <TestEntry testId="179d2c08-2086-a946-9964-c5d985daf0a8" executionId="8506446a-6927-490b-bfc2-d93dc252b918" testListId="8c84fa94-04c1-424b-9868-57a2d4851a1d" />
    <TestEntry testId="3d9f655e-9373-0b97-470d-4d4603fd0069" executionId="67789e93-cee1-4fd5-9fa1-8c14705d1fd7" testListId="8c84fa94-04c1-424b-9868-57a2d4851a1d" />
  </TestEntries>
  <TestLists>
    <TestList name="Results Not in a List" id="8c84fa94-04c1-424b-9868-57a2d4851a1d" />
    <TestList name="All Loaded Results" id="19431567-8539-422a-85d7-44ee4e166bda" />
  </TestLists>
  <ResultSummary outcome="Completed">
    <Counters total="11" executed="11" passed="11" failed="0" error="0" timeout="0" aborted="0" inconclusive="0" passedButRunAborted="0" notRunnable="0" notExecuted="0" disconnected="0" warning="0" completed="0" inProgress="0" pending="0" />
    <Output>
      <StdOut>[xUnit.net 00:00:00.00] xUnit.net VSTest Adapter v3.1.5+1b188a7b0a (64-bit .NET 10.0.6)&#xD;
[xUnit.net 00:00:00.12]   Discovering: OpenClawNet.UnitTests&#xD;
[xUnit.net 00:00:00.25]   Discovered:  OpenClawNet.UnitTests&#xD;
[xUnit.net 00:00:00.28]   Starting:    OpenClawNet.UnitTests&#xD;
     Warning:&#xD;
     The component "Fluent Assertions" is governed by the rules defined in the Xceed License Agreement and&#xD;
     the Xceed Fluent Assertions Community License. You may use Fluent Assertions free of charge for&#xD;
     non-commercial use only. An active subscription is required to use Fluent Assertions for commercial use.&#xD;
     Please contact Xceed Sales mailto:sales@xceed.com to acquire a subscription at a very low cost.&#xD;
     A paid commercial license supports the development and continued increasing support of&#xD;
     Fluent Assertions users under both commercial and community licenses. Help us&#xD;
     keep Fluent Assertions at the forefront of unit testing.&#xD;
     For more information, visit https://xceed.com/products/unit-testing/fluent-assertions/&#xD;
[xUnit.net 00:00:40.66]   Finished:    OpenClawNet.UnitTests&#xD;
</StdOut>
    </Output>
  </ResultSummary>
</TestRun>